Sending build context to Docker daemon  439.3kB

Step 1/11 : FROM mcr.microsoft.com/windows/servercore:ltsc2019
 ---> ec9348c909e0
Step 2/11 : RUN C:\Windows\System32\WindowsPowerShell\v1.0\powershell.exe -Command     $ProgressPreference = 'SilentlyContinue';     Invoke-WebRequest -Uri 'https://nodejs.org/dist/v20.11.0/node-v20.11.0-x64.msi' -OutFile 'nodejs.msi';     Start-Process msiexec.exe -ArgumentList '/i nodejs.msi /quiet /norestart' -Wait;     Remove-Item nodejs.msi
 ---> Using cache
 ---> c35166e1847b
Step 3/11 : ENV PATH="C:\Program Files\nodejs;${PATH}"
 ---> Using cache
 ---> 0298664ed2cc
Step 4/11 : RUN C:\Windows\System32\WindowsPowerShell\v1.0\powershell.exe -Command     $ProgressPreference = 'SilentlyContinue';     Invoke-WebRequest -Uri 'https://github.com/git-for-windows/git/releases/download/v2.43.0.windows.1/Git-2.43.0-64-bit.exe' -OutFile 'git.exe';     Start-Process git.exe -ArgumentList '/VERYSILENT /NORESTART' -Wait;     Remove-Item git.exe
 ---> Using cache
 ---> 8521b66dceaa
Step 5/11 : WORKDIR /app
 ---> Using cache
 ---> 9b4426daf817
Step 6/11 : COPY package.json ./
 ---> Using cache
 ---> 7e82f54801e2
Step 7/11 : COPY package-lock.json* ./
 ---> Using cache
 ---> 46378363644d
Step 8/11 : RUN npm install
 ---> Running in 7cbf5ca94243
[91mnpm[0m[91m WARN deprecated npmlog@6.0.2: This package is no longer supported.
[0m[91mnpm WARN deprecated rimraf@3.0.2: Rimraf versions prior to v4 are no longer supported
[0m[91mnpm WARN deprecated inflight@1.0.6: This module is not supported, and leaks memory. Do not use it. Check out lru-cache if you want a good and tested way to coalesce async requests by a key value, which is much more comprehensive and powerful.
[0m[91mnpm WARN deprecated @npmcli/move-file@2.0.1: This functionality has been moved to @npmcli/fs
[0m[91mnpm[0m[91m WARN deprecated glob@7.2.3: Glob versions prior to v9 are no longer supported
[0m[91mnpm[0m[91m WARN deprecated glob@8.1.0: Glob versions prior to v9 are no longer supported
[0m[91mnpm WARN deprecated are-we-there-yet@3.0.1: This package is no longer supported.
[0m[91mnpm WARN deprecated gauge@4.0.4: This package is no longer supported.
[0m[91mnpm WARN [0m[91mdeprecated[0m[91m boolean@3.2.0: Package no longer supported. Contact Support at https://www.npmjs.com/support for more info.
